<?xml version="1.0" encoding="utf-8"?><testsuites name="pytest tests"><testsuite name="pytest" errors="0" failures="0" skipped="0" tests="20" time="468.348" timestamp="2026-02-18T11:13:50.399127+07:00" hostname="bbiks-MacBook-Pro.local"><testcase classname="test_content_type" name="test_content_type[Verify Search Basic logic with content_type: 'sfv' by search_type is 'sfv']" time="31.982" /><testcase classname="test_content_type" name="test_content_type[Verify Search Basic logic with content_type: 'ugcsfv' by search_type is 'sfv']" time="31.437" /><testcase classname="test_content_type" name="test_content_type[Verify Search Basic logic with content_type: 'ecommerce' by search_type is 'ecommerce']" time="11.431" /><testcase classname="test_content_type" name="test_content_type[Verify Search Basic logic with content_type: 'sfvseries' by search_type is 'top_results'']" time="7.639" /><testcase classname="test_content_type" name="test_content_type[Verify Search Basic logic with content_type: 'sfvseries' by search_type is 'sfvseries']" time="8.671" /><testcase classname="test_content_type" name="test_content_type[Verify Search Basic logic with content_type: 'livetv' by search_type is 'top_results'']" time="31.576" /><testcase classname="test_content_type" name="test_content_type[Verify Search Basic logic with content_type: 'livetv' by search_type is 'watch']" time="30.629" /><testcase classname="test_content_type" name="test_content_type[Verify Search Basic logic with content_type: 'movie' by search_type is 'watch']" time="32.529" /><testcase classname="test_content_type" name="test_content_type[Verify Search Basic logic with content_type: 'movie' by search_type is 'top_results'']" time="32.457" /><testcase classname="test_content_type" name="test_content_type[Verify Search Basic logic with content_type: 'sportclip' by search_type is 'watch']" time="31.310" /><testcase classname="test_content_type" name="test_content_type[Verify Search Basic logic with content_type: 'sportclip' by search_type is 'top_results'']" time="33.738" /><testcase classname="test_content_type" name="test_content_type[Verify Search Basic logic with content_type: 'gameitem' by search_type is 'game']" time="33.572" /><testcase classname="test_content_type" name="test_content_type[Verify Search Basic logic with content_type: 'gameitem' by search_type is 'top_results'']" time="34.151" /><testcase classname="test_content_type" name="test_content_type[Verify Search Basic logic with content_type: 'gamearticle' by search_type is 'read']" time="3.999" /><testcase classname="test_content_type" name="test_content_type[Verify Search Basic logic with content_type: 'gamearticle' by search_type is 'top_results'']" time="2.103" /><testcase classname="test_content_type" name="test_content_type[Verify Search Basic logic with content_type: 'coupon' by search_type is 'top_results'']" time="7.284" /><testcase classname="test_content_type" name="test_content_type[Verify Search Basic logic with content_type: 'privilege' by search_type is 'privilege']" time="12.705" /><testcase classname="test_content_type" name="test_content_type[Verify Search Basic logic with content_type: 'privillege' by search_type is 'top_results''0]" time="33.776" /><testcase classname="test_content_type" name="test_content_type[Verify Search Basic logic with content_type: 'channel' by search_type is 'channel'']" time="23.985" /><testcase classname="test_content_type" name="test_content_type[Verify Search Basic logic with content_type: 'privillege' by search_type is 'top_results''1]" time="33.264" /></testsuite></testsuites>